Exception in thread Thread-30 (_readerthread):
Traceback (most recent call last):
  File "C:\Python314\Lib\threading.py", line 1081, in _bootstrap_inner
    self._context.run(self.run)
    ~~~~~~~~~~~~~~~~~^^^^^^^^^^
  File "C:\Python314\Lib\threading.py", line 1023, in run
    self._target(*self._args, **self._kwargs)
    ~~~~~~~~~~~~^^^^^^^^^^^^^^^^^^^^^^^^^^^^^
  File "C:\Python314\Lib\subprocess.py", line 1613, in _readerthread
    buffer.append(fh.read())
                  ~~~~~~~^^
UnicodeDecodeError: 'gbk' codec can't decode byte 0x80 in position 219: illegal multibyte sequence
Exception in thread Thread-38 (_readerthread):
Traceback (most recent call last):
  File "C:\Python314\Lib\threading.py", line 1081, in _bootstrap_inner
    self._context.run(self.run)
    ~~~~~~~~~~~~~~~~~^^^^^^^^^^
  File "C:\Python314\Lib\threading.py", line 1023, in run
    self._target(*self._args, **self._kwargs)
    ~~~~~~~~~~~~^^^^^^^^^^^^^^^^^^^^^^^^^^^^^
  File "C:\Python314\Lib\subprocess.py", line 1613, in _readerthread
    buffer.append(fh.read())
                  ~~~~~~~^^
UnicodeDecodeError: 'gbk' codec can't decode byte 0x80 in position 219: illegal multibyte sequence
Exception in thread Thread-46 (_readerthread):
Traceback (most recent call last):
  File "C:\Python314\Lib\threading.py", line 1081, in _bootstrap_inner
    self._context.run(self.run)
    ~~~~~~~~~~~~~~~~~^^^^^^^^^^
  File "C:\Python314\Lib\threading.py", line 1023, in run
    self._target(*self._args, **self._kwargs)
    ~~~~~~~~~~~~^^^^^^^^^^^^^^^^^^^^^^^^^^^^^
  File "C:\Python314\Lib\subprocess.py", line 1613, in _readerthread
    buffer.append(fh.read())
                  ~~~~~~~^^
UnicodeDecodeError: 'gbk' codec can't decode byte 0x80 in position 309: illegal multibyte sequence
Exception in thread Thread-30 (_readerthread):
Traceback (most recent call last):
  File "C:\Python314\Lib\threading.py", line 1081, in _bootstrap_inner
    self._context.run(self.run)
    ~~~~~~~~~~~~~~~~~^^^^^^^^^^
  File "C:\Python314\Lib\threading.py", line 1023, in run
    self._target(*self._args, **self._kwargs)
    ~~~~~~~~~~~~^^^^^^^^^^^^^^^^^^^^^^^^^^^^^
  File "C:\Python314\Lib\subprocess.py", line 1613, in _readerthread
    buffer.append(fh.read())
                  ~~~~~~~^^
UnicodeDecodeError: 'gbk' codec can't decode byte 0x80 in position 288: illegal multibyte sequence
Exception in thread Thread-211 (_readerthread):
Traceback (most recent call last):
  File "C:\Python314\Lib\threading.py", line 1081, in _bootstrap_inner
    self._context.run(self.run)
    ~~~~~~~~~~~~~~~~~^^^^^^^^^^
  File "C:\Python314\Lib\threading.py", line 1023, in run
    self._target(*self._args, **self._kwargs)
    ~~~~~~~~~~~~^^^^^^^^^^^^^^^^^^^^^^^^^^^^^
  File "C:\Python314\Lib\subprocess.py", line 1613, in _readerthread
    buffer.append(fh.read())
                  ~~~~~~~^^
UnicodeDecodeError: 'gbk' codec can't decode byte 0x80 in position 242: illegal multibyte sequence
